<testsuites id="" name="" tests="35" failures="0" skipped="35" errors="0" time="0.019156000000000062">
<testsuite name="critical-paths.spec.ts" timestamp="2025-08-06T11:34:36.074Z" hostname="chromium" tests="7" failures="0" skipped="7" time="0" errors="0">
<testcase name="Critical User Paths - Staging › Homepage loads correctly" classname="critical-paths.spec.ts" time="0">
<skipped>
</skipped>
</testcase>
<testcase name="Critical User Paths - Staging › Navigation works correctly" classname="critical-paths.spec.ts" time="0">
<skipped>
</skipped>
</testcase>
<testcase name="Critical User Paths - Staging › Employment form modal opens and functions" classname="critical-paths.spec.ts" time="0">
<skipped>
</skipped>
</testcase>
<testcase name="Critical User Paths - Staging › Responsive design works on mobile" classname="critical-paths.spec.ts" time="0">
<skipped>
</skipped>
</testcase>
<testcase name="Critical User Paths - Staging › Performance metrics are acceptable" classname="critical-paths.spec.ts" time="0">
<skipped>
</skipped>
</testcase>
<testcase name="Critical User Paths - Staging › SEO meta tags are present" classname="critical-paths.spec.ts" time="0">
<skipped>
</skipped>
</testcase>
<testcase name="Critical User Paths - Staging › Error handling works correctly" classname="critical-paths.spec.ts" time="0">
<skipped>
</skipped>
</testcase>
</testsuite>
<testsuite name="critical-paths.spec.ts" timestamp="2025-08-06T11:34:36.074Z" hostname="firefox" tests="7" failures="0" skipped="7" time="0" errors="0">
<testcase name="Critical User Paths - Staging › Homepage loads correctly" classname="critical-paths.spec.ts" time="0">
<skipped>
</skipped>
</testcase>
<testcase name="Critical User Paths - Staging › Navigation works correctly" classname="critical-paths.spec.ts" time="0">
<skipped>
</skipped>
</testcase>
<testcase name="Critical User Paths - Staging › Employment form modal opens and functions" classname="critical-paths.spec.ts" time="0">
<skipped>
</skipped>
</testcase>
<testcase name="Critical User Paths - Staging › Responsive design works on mobile" classname="critical-paths.spec.ts" time="0">
<skipped>
</skipped>
</testcase>
<testcase name="Critical User Paths - Staging › Performance metrics are acceptable" classname="critical-paths.spec.ts" time="0">
<skipped>
</skipped>
</testcase>
<testcase name="Critical User Paths - Staging › SEO meta tags are present" classname="critical-paths.spec.ts" time="0">
<skipped>
</skipped>
</testcase>
<testcase name="Critical User Paths - Staging › Error handling works correctly" classname="critical-paths.spec.ts" time="0">
<skipped>
</skipped>
</testcase>
</testsuite>
<testsuite name="critical-paths.spec.ts" timestamp="2025-08-06T11:34:36.074Z" hostname="webkit" tests="7" failures="0" skipped="7" time="0" errors="0">
<testcase name="Critical User Paths - Staging › Homepage loads correctly" classname="critical-paths.spec.ts" time="0">
<skipped>
</skipped>
</testcase>
<testcase name="Critical User Paths - Staging › Navigation works correctly" classname="critical-paths.spec.ts" time="0">
<skipped>
</skipped>
</testcase>
<testcase name="Critical User Paths - Staging › Employment form modal opens and functions" classname="critical-paths.spec.ts" time="0">
<skipped>
</skipped>
</testcase>
<testcase name="Critical User Paths - Staging › Responsive design works on mobile" classname="critical-paths.spec.ts" time="0">
<skipped>
</skipped>
</testcase>
<testcase name="Critical User Paths - Staging › Performance metrics are acceptable" classname="critical-paths.spec.ts" time="0">
<skipped>
</skipped>
</testcase>
<testcase name="Critical User Paths - Staging › SEO meta tags are present" classname="critical-paths.spec.ts" time="0">
<skipped>
</skipped>
</testcase>
<testcase name="Critical User Paths - Staging › Error handling works correctly" classname="critical-paths.spec.ts" time="0">
<skipped>
</skipped>
</testcase>
</testsuite>
<testsuite name="critical-paths.spec.ts" timestamp="2025-08-06T11:34:36.074Z" hostname="Mobile Chrome" tests="7" failures="0" skipped="7" time="0" errors="0">
<testcase name="Critical User Paths - Staging › Homepage loads correctly" classname="critical-paths.spec.ts" time="0">
<skipped>
</skipped>
</testcase>
<testcase name="Critical User Paths - Staging › Navigation works correctly" classname="critical-paths.spec.ts" time="0">
<skipped>
</skipped>
</testcase>
<testcase name="Critical User Paths - Staging › Employment form modal opens and functions" classname="critical-paths.spec.ts" time="0">
<skipped>
</skipped>
</testcase>
<testcase name="Critical User Paths - Staging › Responsive design works on mobile" classname="critical-paths.spec.ts" time="0">
<skipped>
</skipped>
</testcase>
<testcase name="Critical User Paths - Staging › Performance metrics are acceptable" classname="critical-paths.spec.ts" time="0">
<skipped>
</skipped>
</testcase>
<testcase name="Critical User Paths - Staging › SEO meta tags are present" classname="critical-paths.spec.ts" time="0">
<skipped>
</skipped>
</testcase>
<testcase name="Critical User Paths - Staging › Error handling works correctly" classname="critical-paths.spec.ts" time="0">
<skipped>
</skipped>
</testcase>
</testsuite>
<testsuite name="critical-paths.spec.ts" timestamp="2025-08-06T11:34:36.074Z" hostname="Mobile Safari" tests="7" failures="0" skipped="7" time="0" errors="0">
<testcase name="Critical User Paths - Staging › Homepage loads correctly" classname="critical-paths.spec.ts" time="0">
<skipped>
</skipped>
</testcase>
<testcase name="Critical User Paths - Staging › Navigation works correctly" classname="critical-paths.spec.ts" time="0">
<skipped>
</skipped>
</testcase>
<testcase name="Critical User Paths - Staging › Employment form modal opens and functions" classname="critical-paths.spec.ts" time="0">
<skipped>
</skipped>
</testcase>
<testcase name="Critical User Paths - Staging › Responsive design works on mobile" classname="critical-paths.spec.ts" time="0">
<skipped>
</skipped>
</testcase>
<testcase name="Critical User Paths - Staging › Performance metrics are acceptable" classname="critical-paths.spec.ts" time="0">
<skipped>
</skipped>
</testcase>
<testcase name="Critical User Paths - Staging › SEO meta tags are present" classname="critical-paths.spec.ts" time="0">
<skipped>
</skipped>
</testcase>
<testcase name="Critical User Paths - Staging › Error handling works correctly" classname="critical-paths.spec.ts" time="0">
<skipped>
</skipped>
</testcase>
</testsuite>
</testsuites>